2026-03-15T12:52:34.652870 [12:52:34 PM] Starting recognition, lang: ro-RO
2026-03-15T12:52:37.345100 [12:52:37 PM] Result: Luc nu aud și eu spun.
2026-03-15T12:52:37.652845 [12:52:37 PM] Recognition ended
2026-03-15T12:52:44.988003 [12:52:44 PM] Starting recognition, lang: ro-RO
2026-03-15T12:52:48.183726 [12:52:47 PM] Result: Salut mă auzi ce spun?
2026-03-15T12:52:48.187480 [12:52:47 PM] Recognition ended
2026-03-15T17:36:29.759271 [5:36:29 PM] Starting recognition, lang: ro-RO
2026-03-15T17:36:31.769719 [5:36:31 PM] Result: Se aud.
2026-03-15T17:36:32.080698 [5:36:31 PM] Recognition ended
2026-03-15T17:36:38.499385 [5:36:38 PM] Starting recognition, lang: ro-RO
2026-03-15T17:36:42.689564 [5:36:42 PM] Result: Salut se aude ceva.
2026-03-15T17:36:42.694789 [5:36:42 PM] Recognition ended
2026-03-15T18:17:23.326939 [6:17:23 PM] Starting recognition, lang: ro-RO
2026-03-15T18:17:25.583660 [6:17:25 PM] Result: Salut caut și eu zic.
2026-03-15T18:17:25.903319 [6:17:25 PM] Recognition ended
2026-03-15T18:17:33.052744 [6:17:32 PM] Starting recognition, lang: ro-RO
2026-03-15T18:17:36.699558 [6:17:36 PM] Result: Salut auzi ce zic.
2026-03-15T18:17:36.701931 [6:17:36 PM] Recognition ended
2026-03-15T18:18:11.097143 [6:18:10 PM] Starting recognition, lang: ro-RO
2026-03-15T18:18:14.347954 [6:18:14 PM] Result: Salut.
2026-03-15T18:18:14.658760 [6:18:14 PM] Recognition ended
2026-03-15T18:18:27.057189 [6:18:26 PM] Starting recognition, lang: ro-RO
2026-03-15T18:18:31.877029 [6:18:31 PM] Result: Doresc să înveți limba română, vorbește agramat.
2026-03-15T18:18:32.190879 [6:18:31 PM] Recognition ended
2026-03-15T18:19:08.846443 [6:19:08 PM] Starting recognition, lang: ro-RO
2026-03-15T18:19:12.120113 [6:19:12 PM] Result: Hei, TU trebuie să înveți română.
2026-03-15T18:19:12.429573 [6:19:12 PM] Recognition ended
2026-03-15T20:21:29.755023 [8:21:29 PM] Starting recognition, lang: ro-RO
2026-03-15T20:21:32.634553 [8:21:32 PM] Result: Sau sau de ce un?
2026-03-15T20:21:32.958025 [8:21:32 PM] Recognition ended
